Archive member included because of file (symbol)

c:/winavr-20090306rc1/bin/../lib/gcc/avr/4.3.2/avr5\libgcc.a(_divmodhi4.o)
                              SPI.o (__divmodhi4)
c:/winavr-20090306rc1/bin/../lib/gcc/avr/4.3.2/avr5\libgcc.a(_exit.o)
                              c:/winavr-20090306rc1/bin/../lib/gcc/avr/4.3.2/../../../../avr/lib/avr5/crtm324p.o (exit)
c:/winavr-20090306rc1/bin/../lib/gcc/avr/4.3.2/avr5\libgcc.a(_copy_data.o)
                              SeniorDesign2Board.o (__do_copy_data)
c:/winavr-20090306rc1/bin/../lib/gcc/avr/4.3.2/avr5\libgcc.a(_clear_bss.o)
                              SeniorDesign2Board.o (__do_clear_bss)
c:/winavr-20090306rc1/bin/../lib/gcc/avr/4.3.2/avr5\libgcc.a(_udivmodhi4.o)
                              c:/winavr-20090306rc1/bin/../lib/gcc/avr/4.3.2/avr5\libgcc.a(_divmodhi4.o) (__udivmodhi4)

Memory Configuration

Name             Origin             Length             Attributes
text             0x00000000         0x00020000         xr
data             0x00800060         0x0000ffa0         rw !x
eeprom           0x00810000         0x00010000         rw !x
fuse             0x00820000         0x00000400         rw !x
lock             0x00830000         0x00000400         rw !x
signature        0x00840000         0x00000400         rw !x
*default*        0x00000000         0xffffffff

Linker script and memory map

Address of section .data set to 0x800100
LOAD c:/winavr-20090306rc1/bin/../lib/gcc/avr/4.3.2/../../../../avr/lib/avr5/crtm324p.o
LOAD SeniorDesign2Board.o
LOAD uart.o
LOAD Buzzer.o
LOAD SPI.o
LOAD Comms.o
LOAD c:/winavr-20090306rc1/bin/../lib/gcc/avr/4.3.2/avr5\libgcc.a
LOAD c:/winavr-20090306rc1/bin/../lib/gcc/avr/4.3.2/../../../../avr/lib/avr5\libc.a
LOAD c:/winavr-20090306rc1/bin/../lib/gcc/avr/4.3.2/avr5\libgcc.a

.hash
 *(.hash)

.dynsym
 *(.dynsym)

.dynstr
 *(.dynstr)

.gnu.version
 *(.gnu.version)

.gnu.version_d
 *(.gnu.version_d)

.gnu.version_r
 *(.gnu.version_r)

.rel.init
 *(.rel.init)

.rela.init
 *(.rela.init)

.rel.text
 *(.rel.text)
 *(.rel.text.*)
 *(.rel.gnu.linkonce.t*)

.rela.text
 *(.rela.text)
 *(.rela.text.*)
 *(.rela.gnu.linkonce.t*)

.rel.fini
 *(.rel.fini)

.rela.fini
 *(.rela.fini)

.rel.rodata
 *(.rel.rodata)
 *(.rel.rodata.*)
 *(.rel.gnu.linkonce.r*)

.rela.rodata
 *(.rela.rodata)
 *(.rela.rodata.*)
 *(.rela.gnu.linkonce.r*)

.rel.data
 *(.rel.data)
 *(.rel.data.*)
 *(.rel.gnu.linkonce.d*)

.rela.data
 *(.rela.data)
 *(.rela.data.*)
 *(.rela.gnu.linkonce.d*)

.rel.ctors
 *(.rel.ctors)

.rela.ctors
 *(.rela.ctors)

.rel.dtors
 *(.rel.dtors)

.rela.dtors
 *(.rela.dtors)

.rel.got
 *(.rel.got)

.rela.got
 *(.rela.got)

.rel.bss
 *(.rel.bss)

.rela.bss
 *(.rela.bss)

.rel.plt
 *(.rel.plt)

.rela.plt
 *(.rela.plt)

.text           0x00000000      0x8fa
 *(.vectors)
 .vectors       0x00000000       0x7c c:/winavr-20090306rc1/bin/../lib/gcc/avr/4.3.2/../../../../avr/lib/avr5/crtm324p.o
                0x00000000                __vectors
                0x00000000                __vector_default
 *(.vectors)
 *(.progmem.gcc*)
 *(.progmem*)
 .progmem.data  0x0000007c       0x11 SeniorDesign2Board.o
 .progmem.data  0x0000008d        0x6 SPI.o
                0x0000008d                ADC_MODES
                0x00000094                . = ALIGN (0x2)
 *fill*         0x00000093        0x1 00
                0x00000094                __trampolines_start = .
 *(.trampolines)
 .trampolines   0x00000094        0x0 linker stubs
 *(.trampolines*)
                0x00000094                __trampolines_end = .
 *(.jumptables)
 *(.jumptables*)
 *(.lowtext)
 *(.lowtext*)
                0x00000094                __ctors_start = .
 *(.ctors)
                0x00000094                __ctors_end = .
                0x00000094                __dtors_start = .
 *(.dtors)
                0x00000094                __dtors_end = .
 SORT(*)(.ctors)
 SORT(*)(.dtors)
 *(.init0)
 .init0         0x00000094        0x0 c:/winavr-20090306rc1/bin/../lib/gcc/avr/4.3.2/../../../../avr/lib/avr5/crtm324p.o
                0x00000094                __init
 *(.init0)
 *(.init1)
 *(.init1)
 *(.init2)
 .init2         0x00000094        0xc c:/winavr-20090306rc1/bin/../lib/gcc/avr/4.3.2/../../../../avr/lib/avr5/crtm324p.o
 *(.init2)
 *(.init3)
 *(.init3)
 *(.init4)
 .init4         0x000000a0       0x16 c:/winavr-20090306rc1/bin/../lib/gcc/avr/4.3.2/avr5\libgcc.a(_copy_data.o)
                0x000000a0                __do_copy_data
 .init4         0x000000b6       0x10 c:/winavr-20090306rc1/bin/../lib/gcc/avr/4.3.2/avr5\libgcc.a(_clear_bss.o)
                0x000000b6                __do_clear_bss
 *(.init4)
 *(.init5)
 *(.init5)
 *(.init6)
 *(.init6)
 *(.init7)
 *(.init7)
 *(.init8)
 *(.init8)
 *(.init9)
 .init9         0x000000c6        0x8 c:/winavr-20090306rc1/bin/../lib/gcc/avr/4.3.2/../../../../avr/lib/avr5/crtm324p.o
 *(.init9)
 *(.text)
 .text          0x000000ce        0x4 c:/winavr-20090306rc1/bin/../lib/gcc/avr/4.3.2/../../../../avr/lib/avr5/crtm324p.o
                0x000000ce                __vector_22
                0x000000ce                __vector_1
                0x000000ce                __vector_24
                0x000000ce                __vector_12
                0x000000ce                __bad_interrupt
                0x000000ce                __vector_6
                0x000000ce                __vector_3
                0x000000ce                __vector_23
                0x000000ce                __vector_30
                0x000000ce                __vector_25
                0x000000ce                __vector_11
                0x000000ce                __vector_13
                0x000000ce                __vector_17
                0x000000ce                __vector_19
                0x000000ce                __vector_7
                0x000000ce                __vector_27
                0x000000ce                __vector_5
                0x000000ce                __vector_4
                0x000000ce                __vector_9
                0x000000ce                __vector_2
                0x000000ce                __vector_15
                0x000000ce                __vector_8
                0x000000ce                __vector_26
                0x000000ce                __vector_14
                0x000000ce                __vector_10
                0x000000ce                __vector_18
 .text          0x000000d2       0x60 SeniorDesign2Board.o
                0x000000d2                SETUP
                0x00000122                main
 .text          0x00000132      0x372 uart.o
                0x000002ee                __vector_28
                0x000003ce                uart1_getc
                0x00000434                uart1_puts
                0x0000039a                uart1_init
                0x0000046a                uart1_puts_p
                0x0000027e                uart_puts
                0x000002b4                uart_puts_p
                0x000001de                uart_init
                0x00000218                uart_getc
                0x00000252                uart_putc
                0x0000018a                __vector_21
                0x00000346                __vector_29
                0x00000408                uart1_putc
                0x00000132                __vector_20
 .text          0x000004a4       0xde Buzzer.o
                0x000004a4                BUZZER_SETUP
                0x000004f8                __vector_16
                0x000004d6                BUZZZ_DURATION
 .text          0x00000582      0x324 SPI.o
                0x00000854                TestADC
                0x00000634                transfer
                0x000005f8                SetFilters
                0x00000582                READADC_DATA
                0x0000061e                RESET_SPI
                0x000007c6                PrintMode
                0x00000836                ReadADC
                0x000006a4                SelfCalibrate
                0x000005e6                InitSPI
                0x000007f0                SETADC_MODE
                0x00000670                WaitForRDY
                0x00000640                PrintStatus
 .text          0x000008a6        0x2 Comms.o
                0x000008a6                WritePacket
 .text          0x000008a8        0x0 c:/winavr-20090306rc1/bin/../lib/gcc/avr/4.3.2/avr5\libgcc.a(_divmodhi4.o)
 .text          0x000008a8        0x0 c:/winavr-20090306rc1/bin/../lib/gcc/avr/4.3.2/avr5\libgcc.a(_exit.o)
 .text          0x000008a8        0x0 c:/winavr-20090306rc1/bin/../lib/gcc/avr/4.3.2/avr5\libgcc.a(_copy_data.o)
 .text          0x000008a8        0x0 c:/winavr-20090306rc1/bin/../lib/gcc/avr/4.3.2/avr5\libgcc.a(_clear_bss.o)
 .text          0x000008a8        0x0 c:/winavr-20090306rc1/bin/../lib/gcc/avr/4.3.2/avr5\libgcc.a(_udivmodhi4.o)
                0x000008a8                . = ALIGN (0x2)
 *(.text.*)
 .text.libgcc   0x000008a8       0x26 c:/winavr-20090306rc1/bin/../lib/gcc/avr/4.3.2/avr5\libgcc.a(_divmodhi4.o)
                0x000008a8                __divmodhi4
                0x000008a8                _div
 .text.libgcc   0x000008ce        0x0 c:/winavr-20090306rc1/bin/../lib/gcc/avr/4.3.2/avr5\libgcc.a(_exit.o)
 .text.libgcc   0x000008ce        0x0 c:/winavr-20090306rc1/bin/../lib/gcc/avr/4.3.2/avr5\libgcc.a(_copy_data.o)
 .text.libgcc   0x000008ce        0x0 c:/winavr-20090306rc1/bin/../lib/gcc/avr/4.3.2/avr5\libgcc.a(_clear_bss.o)
 .text.libgcc   0x000008ce       0x28 c:/winavr-20090306rc1/bin/../lib/gcc/avr/4.3.2/avr5\libgcc.a(_udivmodhi4.o)
                0x000008ce                __udivmodhi4
                0x000008f6                . = ALIGN (0x2)
 *(.fini9)
 .fini9         0x000008f6        0x0 c:/winavr-20090306rc1/bin/../lib/gcc/avr/4.3.2/avr5\libgcc.a(_exit.o)
                0x000008f6                exit
                0x000008f6                _exit
 *(.fini9)
 *(.fini8)
 *(.fini8)
 *(.fini7)
 *(.fini7)
 *(.fini6)
 *(.fini6)
 *(.fini5)
 *(.fini5)
 *(.fini4)
 *(.fini4)
 *(.fini3)
 *(.fini3)
 *(.fini2)
 *(.fini2)
 *(.fini1)
 *(.fini1)
 *(.fini0)
 .fini0         0x000008f6        0x4 c:/winavr-20090306rc1/bin/../lib/gcc/avr/4.3.2/avr5\libgcc.a(_exit.o)
 *(.fini0)
                0x000008fa                _etext = .

.data           0x00800100        0x0 load address 0x000008fa
                0x00800100                PROVIDE (__data_start, .)
 *(.data)
 .data          0x00800100        0x0 c:/winavr-20090306rc1/bin/../lib/gcc/avr/4.3.2/../../../../avr/lib/avr5/crtm324p.o
 .data          0x00800100        0x0 SeniorDesign2Board.o
 .data          0x00800100        0x0 uart.o
 .data          0x00800100        0x0 Buzzer.o
 .data          0x00800100        0x0 SPI.o
 .data          0x00800100        0x0 Comms.o
 .data          0x00800100        0x0 c:/winavr-20090306rc1/bin/../lib/gcc/avr/4.3.2/avr5\libgcc.a(_divmodhi4.o)
 .data          0x00800100        0x0 c:/winavr-20090306rc1/bin/../lib/gcc/avr/4.3.2/avr5\libgcc.a(_exit.o)
 .data          0x00800100        0x0 c:/winavr-20090306rc1/bin/../lib/gcc/avr/4.3.2/avr5\libgcc.a(_copy_data.o)
 .data          0x00800100        0x0 c:/winavr-20090306rc1/bin/../lib/gcc/avr/4.3.2/avr5\libgcc.a(_clear_bss.o)
 .data          0x00800100        0x0 c:/winavr-20090306rc1/bin/../lib/gcc/avr/4.3.2/avr5\libgcc.a(_udivmodhi4.o)
 *(.data*)
 *(.rodata)
 *(.rodata*)
 *(.gnu.linkonce.d*)
                0x00800100                . = ALIGN (0x2)
                0x00800100                _edata = .
                0x00800100                PROVIDE (__data_end, .)

.bss            0x00800100       0x96
                0x00800100                PROVIDE (__bss_start, .)
 *(.bss)
 .bss           0x00800100        0x0 c:/winavr-20090306rc1/bin/../lib/gcc/avr/4.3.2/../../../../avr/lib/avr5/crtm324p.o
 .bss           0x00800100        0x0 SeniorDesign2Board.o
 .bss           0x00800100       0x8a uart.o
 .bss           0x0080018a        0x5 Buzzer.o
 .bss           0x0080018f        0x7 SPI.o
 .bss           0x00800196        0x0 Comms.o
 .bss           0x00800196        0x0 c:/winavr-20090306rc1/bin/../lib/gcc/avr/4.3.2/avr5\libgcc.a(_divmodhi4.o)
 .bss           0x00800196        0x0 c:/winavr-20090306rc1/bin/../lib/gcc/avr/4.3.2/avr5\libgcc.a(_exit.o)
 .bss           0x00800196        0x0 c:/winavr-20090306rc1/bin/../lib/gcc/avr/4.3.2/avr5\libgcc.a(_copy_data.o)
 .bss           0x00800196        0x0 c:/winavr-20090306rc1/bin/../lib/gcc/avr/4.3.2/avr5\libgcc.a(_clear_bss.o)
 .bss           0x00800196        0x0 c:/winavr-20090306rc1/bin/../lib/gcc/avr/4.3.2/avr5\libgcc.a(_udivmodhi4.o)
 *(.bss*)
 *(COMMON)
                0x00800196                PROVIDE (__bss_end, .)
                0x000008fa                __data_load_start = LOADADDR (.data)
                0x000008fa                __data_load_end = (__data_load_start + SIZEOF (.data))

.noinit         0x00800196        0x0
                0x00800196                PROVIDE (__noinit_start, .)
 *(.noinit*)
                0x00800196                PROVIDE (__noinit_end, .)
                0x00800196                _end = .
                0x00800196                PROVIDE (__heap_start, .)

.eeprom         0x00810000        0x0
 *(.eeprom*)
                0x00810000                __eeprom_end = .

.fuse
 *(.fuse)
 *(.lfuse)
 *(.hfuse)
 *(.efuse)

.lock
 *(.lock*)

.signature
 *(.signature*)

.stab           0x00000000      0x6b4
 *(.stab)
 .stab          0x00000000      0x6b4 c:/winavr-20090306rc1/bin/../lib/gcc/avr/4.3.2/../../../../avr/lib/avr5/crtm324p.o

.stabstr        0x00000000       0x5f
 *(.stabstr)
 .stabstr       0x00000000       0x5f c:/winavr-20090306rc1/bin/../lib/gcc/avr/4.3.2/../../../../avr/lib/avr5/crtm324p.o

.stab.excl
 *(.stab.excl)

.stab.exclstr
 *(.stab.exclstr)

.stab.index
 *(.stab.index)

.stab.indexstr
 *(.stab.indexstr)

.comment
 *(.comment)

.debug
 *(.debug)

.line
 *(.line)

.debug_srcinfo
 *(.debug_srcinfo)

.debug_sfnames
 *(.debug_sfnames)

.debug_aranges  0x00000000       0xa0
 *(.debug_aranges)
 .debug_aranges
                0x00000000       0x20 SeniorDesign2Board.o
 .debug_aranges
                0x00000020       0x20 uart.o
 .debug_aranges
                0x00000040       0x20 Buzzer.o
 .debug_aranges
                0x00000060       0x20 SPI.o
 .debug_aranges
                0x00000080       0x20 Comms.o

.debug_pubnames
                0x00000000      0x242
 *(.debug_pubnames)
 .debug_pubnames
                0x00000000       0x25 SeniorDesign2Board.o
 .debug_pubnames
                0x00000025       0xe7 uart.o
 .debug_pubnames
                0x0000010c       0x46 Buzzer.o
 .debug_pubnames
                0x00000152       0xce SPI.o
 .debug_pubnames
                0x00000220       0x22 Comms.o

.debug_info     0x00000000     0x12ef
 *(.debug_info)
 .debug_info    0x00000000      0x2f0 SeniorDesign2Board.o
 .debug_info    0x000002f0      0x590 uart.o
 .debug_info    0x00000880      0x120 Buzzer.o
 .debug_info    0x000009a0      0x6bd SPI.o
 .debug_info    0x0000105d      0x292 Comms.o
 *(.gnu.linkonce.wi.*)

.debug_abbrev   0x00000000      0x64e
 *(.debug_abbrev)
 .debug_abbrev  0x00000000       0xde SeniorDesign2Board.o
 .debug_abbrev  0x000000de      0x238 uart.o
 .debug_abbrev  0x00000316       0xc7 Buzzer.o
 .debug_abbrev  0x000003dd      0x1c5 SPI.o
 .debug_abbrev  0x000005a2       0xac Comms.o

.debug_line     0x00000000      0xed9
 *(.debug_line)
 .debug_line    0x00000000      0x177 SeniorDesign2Board.o
 .debug_line    0x00000177      0x46e uart.o
 .debug_line    0x000005e5      0x15c Buzzer.o
 .debug_line    0x00000741      0x6af SPI.o
 .debug_line    0x00000df0       0xe9 Comms.o

.debug_frame    0x00000000      0x250
 *(.debug_frame)
 .debug_frame   0x00000000       0x30 SeniorDesign2Board.o
 .debug_frame   0x00000030       0xf0 uart.o
 .debug_frame   0x00000120       0x40 Buzzer.o
 .debug_frame   0x00000160       0xd0 SPI.o
 .debug_frame   0x00000230       0x20 Comms.o

.debug_str      0x00000000      0x4b0
 *(.debug_str)
 .debug_str     0x00000000      0x1fb SeniorDesign2Board.o
                                0x23a (size before relaxing)
 .debug_str     0x000001fb      0x1a2 uart.o
                                0x265 (size before relaxing)
 .debug_str     0x0000039d       0x51 Buzzer.o
                                0x106 (size before relaxing)
 .debug_str     0x000003ee       0xa1 SPI.o
                                0x184 (size before relaxing)
 .debug_str     0x0000048f       0x21 Comms.o
                                0x225 (size before relaxing)

.debug_loc      0x00000000      0x37a
 *(.debug_loc)
 .debug_loc     0x00000000      0x28c uart.o
 .debug_loc     0x0000028c       0x18 Buzzer.o
 .debug_loc     0x000002a4       0xd6 SPI.o

.debug_macinfo
 *(.debug_macinfo)
OUTPUT(SeniorDesign2Board.elf elf32-avr)
LOAD linker stubs

.debug_ranges   0x00000000      0x210
 .debug_ranges  0x00000000       0x60 uart.o
 .debug_ranges  0x00000060      0x1b0 SPI.o
